// Jest Snapshot v1, https://goo.gl/fbAQLP

exports[`App renders learn react link 1`] = `
<input
  placeholder="input value"
  type="text"
/>
`;

exports[`App renders learn react link 2`] = `
<input
  placeholder="input value"
  type="text"
/>
`;

exports[`App toBeInTheDocument 1`] = `
<input
  placeholder="input value"
  type="text"
/>
`;

exports[`renders learn react link 1`] = `
<input
  placeholder="input value"
  type="text"
/>
`;
